// Vitest Snapshot v1, https://vitest.dev/guide/snapshot.html

exports[`buildTenkaCloudApp synth regression (issue #2192) > should keep every stack's logical ID set (REPLACE/DELETE guard) > tenkacloud-admin-console-hosting 1`] = `
[
  "CustomCDKBucketDeployment8693BB64968944B69AAFB0CC9EB8756C81C01536",
  "CustomCDKBucketDeployment8693BB64968944B69AAFB0CC9EB8756CServiceRole89A01265",
  "CustomCDKBucketDeployment8693BB64968944B69AAFB0CC9EB8756CServiceRoleDefaultPolicy88902FDF",
  "CustomS3AutoDeleteObjectsCustomResourceProviderHandler9D90184F",
  "CustomS3AutoDeleteObjectsCustomResourceProviderRole3B1BD092",
  "Distribution830FAC52",
  "OAIE1EFC67F",
  "SecurityHeadersE66B69D3",
  "SiteBucket397A1860",
  "SiteBucketAutoDeleteObjectsCustomResource9585E968",
  "SiteBucketPolicy3AC1D0F8",
  "SiteDeploymentAwsCliLayerADBDEF4E",
  "SiteDeploymentCustomResource42D55606",
]
`;

exports[`buildTenkaCloudApp synth regression (issue #2192) > should keep every stack's logical ID set (REPLACE/DELETE guard) > tenkacloud-admin-console-insight 1`] = `
[
  "AdminInsightApiLambdaFunction8BE08F21",
  "AdminInsightApiLambdaFunctionLogGroup50DD788C",
  "AdminInsightApiLambdaFunctionServiceRole2FE86562",
  "AdminInsightApiLambdaFunctionServiceRoleDefaultPolicy911094FA",
  "AdminInsightHttpApi1CA5E1A9",
  "AdminInsightHttpApiAdminInsightAuthorizer11C55FCD",
  "AdminInsightHttpApiDefaultStage328F28C1",
  "AdminInsightHttpApiGETadmininsightauditAdminInsightLambdaIntegrationPermissionAA986765",
  "AdminInsightHttpApiGETadmininsightauditF68A2B86",
  "AdminInsightHttpApiGETadmininsightauditexport1AE583B0",
  "AdminInsightHttpApiGETadmininsightauditexportAdminInsightLambdaIntegrationPermission41C5184E",
  "AdminInsightHttpApiGETadmininsightcost3B68AFD3",
  "AdminInsightHttpApiGETadmininsightcostAdminInsightLambdaIntegrationPermissionB3D3D45C",
  "AdminInsightHttpApiGETadmininsightpipelineexecutionsAdminInsightLambdaIntegrationPermissionEFAA9283",
  "AdminInsightHttpApiGETadmininsightpipelineexecutionsD5E88DE5",
  "AdminInsightHttpApiGETadmininsightprovisioningexecutionsAdminInsightLambdaIntegrationPermission543A7D56",
  "AdminInsightHttpApiGETadmininsightprovisioningexecutionsB6E7EB30",
  "AdminInsightHttpApiGETadmininsightstatemachineexecutionsAdminInsightLambdaIntegrationPermission37B76CC1",
  "AdminInsightHttpApiGETadmininsightstatemachineexecutionsD3BD0ECC",
  "AdminInsightHttpApiGETadmininsighttenantssummary36B90DE8",
  "AdminInsightHttpApiGETadmininsighttenantssummaryAdminInsightLambdaIntegrationA54087FC",
  "AdminInsightHttpApiGETadmininsighttenantssummaryAdminInsightLambdaIntegrationPermission83E2A135",
  "AdminInsightHttpApiGETadmininsighttenantstenantIddeploymentsjobIdAdminInsightLambdaIntegrationPermissionD8F212C0",
  "AdminInsightHttpApiGETadmininsighttenantstenantIddeploymentsjobIdE94285D2",
  "AdminInsightHttpApiGETadmininsighttenantstenantIddeploymentsjobIdstackprogressAdminInsightLambdaIntegrationPermissionCA5D4722",
  "AdminInsightHttpApiGETadmininsighttenantstenantIddeploymentsjobIdstackprogressB93A34B3",
  "AdminInsightHttpApiGETadmininsighttenantstenantIdevents607BE138",
  "AdminInsightHttpApiGETadmininsighttenantstenantIdeventsAdminInsightLambdaIntegrationPermissionF6FAFB10",
  "AdminInsightHttpApiGETadmininsighttenantstenantIdeventseventId74DD279B",
  "AdminInsightHttpApiGETadmininsighttenantstenantIdeventseventIdAdminInsightLambdaIntegrationPermission579A7EB9",
  "SignInAuditFunctionF18A030F",
  "SignInAuditFunctionLogGroup6D4F2B53",
  "SignInAuditFunctionServiceRole52CFC711",
  "SignInAuditFunctionServiceRoleDefaultPolicy09ABE8FF",
  "SignInAuditRuleADA225DC",
  "SignInAuditRuleAllowEventRuletenkacloudadminconsoleinsightSignInAuditFunction68E0DD31F9D0D5ED",
]
`;

exports[`buildTenkaCloudApp synth regression (issue #2192) > should keep every stack's logical ID set (REPLACE/DELETE guard) > tenkacloud-admin-console-runtime-config 1`] = `
[
  "CustomCDKBucketDeployment8693BB64968944B69AAFB0CC9EB8756C81C01536",
  "CustomCDKBucketDeployment8693BB64968944B69AAFB0CC9EB8756CServiceRole89A01265",
  "CustomCDKBucketDeployment8693BB64968944B69AAFB0CC9EB8756CServiceRoleDefaultPolicy88902FDF",
  "RuntimeConfigDeploymentAwsCliLayerE51E893D",
  "RuntimeConfigDeploymentCustomResource120771E3",
]
`;

exports[`buildTenkaCloudApp synth regression (issue #2192) > should keep every stack's logical ID set (REPLACE/DELETE guard) > tenkacloud-bootstrap 1`] = `
[
  "BasicTierApiKeyapiKey0D21CA42",
  "BasicTierApiKeyapiKeyId5197E7B9",
  "BasicTierApiKeyapiKeyValueB29517FD",
  "CoreApplicationPlanesbtcontrolplanesbtawsoffboardingRequestRule902D1578",
  "CoreApplicationPlanesbtcontrolplanesbtawsonboardingRequestRule678D45CC",
  "PlatinumTierApiKeyapiKey02FC0169",
  "PlatinumTierApiKeyapiKeyId3F85D823",
  "PlatinumTierApiKeyapiKeyValue162D23F2",
  "PremiumTierApiKeyapiKey836CED21",
  "PremiumTierApiKeyapiKeyId188895A2",
  "PremiumTierApiKeyapiKeyValueACD45B4D",
  "StandardTierApiKeyapiKeyDD7E5F6E",
  "StandardTierApiKeyapiKeyId1DF5C367",
  "StandardTierApiKeyapiKeyValue217D7659",
  "TenantMappingTable8521321C",
  "TenantStatusReconcilerFunctionD2C0504C",
  "TenantStatusReconcilerFunctionLogGroup81DCAB96",
  "TenantStatusReconcilerFunctionServiceRoleAB6CAD9B",
  "TenantStatusReconcilerFunctionServiceRoleDefaultPolicy5314ECE5",
  "TenantStatusReconcilerSchedule99BA1080",
  "TenantStatusReconcilerScheduleAllowEventRuletenkacloudbootstrapTenantStatusReconcilerFunctionC4B01191F9C617C6",
  "deprovisioningJobRunnercodeBuildProvisionProjectRole32B8A91B",
  "deprovisioningJobRunnercodebuildProjectE2D29532",
  "deprovisioningJobRunnercodebuildProjectRole35D13E37",
  "deprovisioningJobRunnercodebuildProjectRoleDefaultPolicy2E77F0E8",
  "deprovisioningJobRunnerprovisioningStateMachine95DC0E67",
  "deprovisioningJobRunnerprovisioningStateMachineEventsRole2D24D945",
  "deprovisioningJobRunnerprovisioningStateMachineEventsRoleDefaultPolicyE4EF6457",
  "deprovisioningJobRunnerprovisioningStateMachineRole576378A2",
  "deprovisioningJobRunnerprovisioningStateMachineRoleDefaultPolicyBBA0D981",
  "deprovisioningJobRunnerstateMachineLogGroupD96D7353",
  "provisioningJobRunnercodeBuildProvisionProjectRoleE46220B0",
  "provisioningJobRunnercodebuildProject9E6A7825",
  "provisioningJobRunnercodebuildProjectRole39619C74",
  "provisioningJobRunnercodebuildProjectRoleDefaultPolicyC36C7BFD",
  "provisioningJobRunnerprovisioningStateMachine46730BEE",
  "provisioningJobRunnerprovisioningStateMachineEventsRole9E0C3140",
  "provisioningJobRunnerprovisioningStateMachineEventsRoleDefaultPolicyAE66FC63",
  "provisioningJobRunnerprovisioningStateMachineRole3A9AF382",
  "provisioningJobRunnerprovisioningStateMachineRoleDefaultPolicy77DAF949",
  "provisioningJobRunnerstateMachineLogGroup9DF86524",
]
`;

exports[`buildTenkaCloudApp synth regression (issue #2192) > should keep every stack's logical ID set (REPLACE/DELETE guard) > tenkacloud-challenge-payload 1`] = `
[
  "Bucket83908E77",
  "BucketPolicyE9A3008A",
  "CustomAWSCDKOpenIdConnectProviderCustomResourceProviderHandlerF2C543E0",
  "CustomAWSCDKOpenIdConnectProviderCustomResourceProviderRole517FED65",
  "GithubOidc86785739",
  "PublishRoleDefaultPolicy9257B12D",
  "PublishRoleF42F66B6",
]
`;

exports[`buildTenkaCloudApp synth regression (issue #2192) > should keep every stack's logical ID set (REPLACE/DELETE guard) > tenkacloud-control-plane 1`] = `
[
  "AWS679f53fac002430cb0da5b7982bd22872D164C4C",
  "AWS679f53fac002430cb0da5b7982bd2287ServiceRoleC1EA0FF2",
  "CognitoAuthUserManagementServicesF523CC2B",
  "CognitoAuthUserPool9F7F9231",
  "CognitoAuthUserPoolDomain01556BC6",
  "CognitoAuthUserPoolMachineClient3F49DBCF",
  "CognitoAuthUserPoolMachineClientDescribeCognitoUserPoolClientA2620E4D",
  "CognitoAuthUserPoolMachineClientDescribeCognitoUserPoolClientCustomResourcePolicy1DCE2451",
  "CognitoAuthUserPoolTenantResourceServerBD937B49",
  "CognitoAuthUserPoolUserClient5DD0303C",
  "CognitoAuthUserPoolUserResourceServer6B37EC4B",
  "CognitoAuthcreateAdminUserFunction5FBECAEB",
  "CognitoAuthcreateAdminUserFunctionServiceRoleA3C45FFC",
  "CognitoAuthcreateAdminUserFunctionServiceRoleDefaultPolicyDCFAA4D5",
  "CognitoAuthuserManagementExecRoleD30402FF",
  "CognitoAuthuserManagementExecRoleDefaultPolicyDC2BBB91",
  "ControlPlaneEventManagerSbtEventBus80C041E3",
  "ControlPlaneIdpApiFunctionAEC219E8",
  "ControlPlaneIdpApiFunctionLogGroupC5438111",
  "ControlPlaneIdpApiFunctionServiceRole1A0540B2",
  "ControlPlaneIdpApiFunctionServiceRoleDefaultPolicyC27281D3",
  "ControlPlaneManagedLoginBranding",
  "ControlPlanecontrolPlaneApicontrolPlaneAPIDELETEadminidpidpIdB7804290",
  "ControlPlanecontrolPlaneApicontrolPlaneAPIDELETEadminidpidpIdControlPlaneIdpIntegrationPermissionDCD67908",
  "ControlPlanecontrolPlaneApicontrolPlaneAPIDELETEtenantregistrationstenantRegistrationId042A12C5",
  "ControlPlanecontrolPlaneApicontrolPlaneAPIDELETEtenantregistrationstenantRegistrationIdtenantsHttpLambdaIntegrationPermission8D888B6F",
  "ControlPlanecontrolPlaneApicontrolPlaneAPIDELETEtenantstenantId90DB2E5A",
  "ControlPlanecontrolPlaneApicontrolPlaneAPIDELETEtenantstenantIdtenantsHttpLambdaIntegrationPermission757C9255",
  "ControlPlanecontrolPlaneApicontrolPlaneAPIDELETEusersuserIdAB795C1B",
  "ControlPlanecontrolPlaneApicontrolPlaneAPIDELETEusersuserIdtenantsHttpLambdaIntegration88598FE9",
  "ControlPlanecontrolPlaneApicontrolPlaneAPIDELETEusersuserIdtenantsHttpLambdaIntegrationPermissionB4439B79",
  "ControlPlanecontrolPlaneApicontrolPlaneAPIDefaultStage4255DAF8",
  "ControlPlanecontrolPlaneApicontrolPlaneAPIFDE882AB",
  "ControlPlanecontrolPlaneApicontrolPlaneAPIGETadminidp6C0882D8",
  "ControlPlanecontrolPlaneApicontrolPlaneAPIGETadminidpControlPlaneIdpIntegration3CE1ABA5",
  "ControlPlanecontrolPlaneApicontrolPlaneAPIGETadminidpControlPlaneIdpIntegrationPermissionBC01FBAE",
  "ControlPlanecontrolPlaneApicontrolPlaneAPIGETadminidpidpId1104F7FF",
  "ControlPlanecontrolPlaneApicontrolPlaneAPIGETadminidpidpIdControlPlaneIdpIntegrationPermission11FE45FF",
  "ControlPlanecontrolPlaneApicontrolPlaneAPIGETtenantconfigB1260FBB",
  "ControlPlanecontrolPlaneApicontrolPlaneAPIGETtenantconfigtenantConfigServiceHttpLambdaIntegration89FC56EB",
  "ControlPlanecontrolPlaneApicontrolPlaneAPIGETtenantconfigtenantConfigServiceHttpLambdaIntegrationPermission42BA8FAB",
  "ControlPlanecontrolPlaneApicontrolPlaneAPIGETtenantconfigtenantNameBDB0F931",
  "ControlPlanecontrolPlaneApicontrolPlaneAPIGETtenantconfigtenantNametenantConfigServiceHttpLambdaIntegrationPermission5A1E7CF6",
  "ControlPlanecontrolPlaneApicontrolPlaneAPIGETtenantregistrations745F656C",
  "ControlPlanecontrolPlaneApicontrolPlaneAPIGETtenantregistrationstenantRegistrationId6454AA3F",
  "ControlPlanecontrolPlaneApicontrolPlaneAPIGETtenantregistrationstenantRegistrationIdtenantsHttpLambdaIntegrationPermission1FB102A0",
  "ControlPlanecontrolPlaneApicontrolPlaneAPIGETtenantregistrationstenantsHttpLambdaIntegrationF9434B47",
  "ControlPlanecontrolPlaneApicontrolPlaneAPIGETtenantregistrationstenantsHttpLambdaIntegrationPermissionE9E981EF",
  "ControlPlanecontrolPlaneApicontrolPlaneAPIGETtenants7C4AC4D6",
  "ControlPlanecontrolPlaneApicontrolPlaneAPIGETtenantstenantIdE0A6CAD7",
  "ControlPlanecontrolPlaneApicontrolPlaneAPIGETtenantstenantIdtenantsHttpLambdaIntegrationPermission0237CD14",
  "ControlPlanecontrolPlaneApicontrolPlaneAPIGETtenantstenantsHttpLambdaIntegrationFC967E5D",
  "ControlPlanecontrolPlaneApicontrolPlaneAPIGETtenantstenantsHttpLambdaIntegrationPermissionD07E4A95",
  "ControlPlanecontrolPlaneApicontrolPlaneAPIGETusersA62BA4D3",
  "ControlPlanecontrolPlaneApicontrolPlaneAPIGETuserstenantsHttpLambdaIntegration148E5986",
  "ControlPlanecontrolPlaneApicontrolPlaneAPIGETuserstenantsHttpLambdaIntegrationPermissionC3C7E435",
  "ControlPlanecontrolPlaneApicontrolPlaneAPIGETusersuserIdA23AEF58",
  "ControlPlanecontrolPlaneApicontrolPlaneAPIGETusersuserIdtenantsHttpLambdaIntegrationA4E0CB43",
  "ControlPlanecontrolPlaneApicontrolPlaneAPIGETusersuserIdtenantsHttpLambdaIntegrationPermissionDF50D0A8",
  "ControlPlanecontrolPlaneApicontrolPlaneAPILogGroup6819474F",
  "ControlPlanecontrolPlaneApicontrolPlaneAPIPATCHadminidpidpIdA93D7D18",
  "ControlPlanecontrolPlaneApicontrolPlaneAPIPATCHadminidpidpIdControlPlaneIdpIntegrationPermissionEF7EE6D5",
  "ControlPlanecontrolPlaneApicontrolPlaneAPIPATCHtenantregistrationstenantRegistrationIdEEE78F5D",
  "ControlPlanecontrolPlaneApicontrolPlaneAPIPATCHtenantregistrationstenantRegistrationIdtenantsHttpLambdaIntegrationPermission8531BC65",
  "ControlPlanecontrolPlaneApicontrolPlaneAPIPOSTadminidp3C3BF017",
  "ControlPlanecontrolPlaneApicontrolPlaneAPIPOSTadminidpControlPlaneIdpIntegrationPermission919D7DE1",
  "ControlPlanecontrolPlaneApicontrolPlaneAPIPOSTtenantregistrationsDA835336",
  "ControlPlanecontrolPlaneApicontrolPlaneAPIPOSTtenantregistrationstenantsHttpLambdaIntegrationPermissionA52C07E9",
  "ControlPlanecontrolPlaneApicontrolPlaneAPIPOSTtenants1FC28BCF",
  "ControlPlanecontrolPlaneApicontrolPlaneAPIPOSTtenantstenantsHttpLambdaIntegrationPermissionF4C206FB",
  "ControlPlanecontrolPlaneApicontrolPlaneAPIPOSTusersB07C9300",
  "ControlPlanecontrolPlaneApicontrolPlaneAPIPOSTuserstenantsHttpLambdaIntegration695D40D9",
  "ControlPlanecontrolPlaneApicontrolPlaneAPIPOSTuserstenantsHttpLambdaIntegrationPermissionCFB906A7",
  "ControlPlanecontrolPlaneApicontrolPlaneAPIPUTtenantstenantId3BA60B37",
  "ControlPlanecontrolPlaneApicontrolPlaneAPIPUTtenantstenantIdtenantsHttpLambdaIntegrationPermission3408319A",
  "ControlPlanecontrolPlaneApicontrolPlaneAPIPUTusersuserIdD106805E",
  "ControlPlanecontrolPlaneApicontrolPlaneAPIPUTusersuserIdtenantsHttpLambdaIntegration9AE5C0B3",
  "ControlPlanecontrolPlaneApicontrolPlaneAPIPUTusersuserIdtenantsHttpLambdaIntegrationPermission9B32B493",
  "ControlPlanecontrolPlaneApicontrolPlaneAPItenantsAuthorizer311EC9C0",
  "ControlPlanecreateAdminUserCustomResourceadminUser812F020E",
  "ControlPlanetenantConfigServicetenantConfigLambdaBillingIngestorLogGroup84AE4E3C",
  "ControlPlanetenantConfigServicetenantConfigLambdaTenantConfigServiceLambda2DCE94D7",
  "ControlPlanetenantConfigServicetenantConfigLambdaTenantConfigServiceLambdaServiceRole6A5C812A",
  "ControlPlanetenantConfigServicetenantConfigLambdaTenantConfigServiceLambdaServiceRoleDefaultPolicyC6366996",
  "ControlPlanetenantManagementServicetenantManagementLambdaTenantManagementServices152CB414",
  "ControlPlanetenantManagementServicetenantManagementLambdatenantManagementExecRole5E81821B",
  "ControlPlanetenantManagementServicetenantManagementLambdatenantManagementExecRoleDefaultPolicyBDC608DD",
  "ControlPlanetenantManagementServicvestenantManagementTableTenantDetails974E95B8",
  "ControlPlanetenantRegistrationServiceconnectionConnection57D7467C",
  "ControlPlanetenantRegistrationServicedestinationApiDestination30DF16C8",
  "ControlPlanetenantRegistrationServicedestinationEventsRole2A06CDD3",
  "ControlPlanetenantRegistrationServicedestinationEventsRoleDefaultPolicy80F5B6DD",
  "ControlPlanetenantRegistrationServicesbtapplicationplanesbtawsdeprovisionFailureRule3DE13698",
  "ControlPlanetenantRegistrationServicesbtapplicationplanesbtawsdeprovisionSuccessRuleC3B5153E",
  "ControlPlanetenantRegistrationServicesbtapplicationplanesbtawsprovisionFailureRuleBCCE0381",
  "ControlPlanetenantRegistrationServicesbtapplicationplanesbtawsprovisionSuccessRule9C6347AD",
  "ControlPlanetenantRegistrationServicetenantRegistrationLambdaAwsRequestsAuthLayer8B3B4AF8",
  "ControlPlanetenantRegistrationServicetenantRegistrationLambdaTenantRegistrationFuncDAB38119",
  "ControlPlanetenantRegistrationServicetenantRegistrationLambdaTenantRegistrationFuncServiceRole00139745",
  "ControlPlanetenantRegistrationServicetenantRegistrationLambdaTenantRegistrationFuncServiceRoleDefaultPolicy15C75229",
  "ControlPlanetenantRegistrationServicetenantRegistrationTableTenantRegistrationTable66D39C8D",
  "EventBusWatcherLogGroup9A27F8C5",
  "EventBusWatcherRuleE142C671",
  "SamlIdpsTable774D9129",
]
`;

exports[`buildTenkaCloudApp synth regression (issue #2192) > should keep every stack's logical ID set (REPLACE/DELETE guard) > tenkacloud-observability 1`] = `
[
  "CostBudgetBudgetAlarmTopic5C499DBF",
  "CostBudgetBudgetAlarmTopicadminexamplecom46E82E90",
  "CostBudgetMonthlyCostBudgetCC662698",
  "Dashboard9E4231ED",
  "FreeTierAlarmsApiGateway5xxadmininsight29AFF1278",
  "FreeTierAlarmsApiGateway5xxcontrolplane0E693340F",
  "FreeTierAlarmsApiGateway5xxtenant19FF0D2DE",
  "FreeTierAlarmsDdbReadCapacitycompetitoraccounts43547F92",
  "FreeTierAlarmsDdbReadCapacitydeploymentsB3FC5588",
  "FreeTierAlarmsDdbReadCapacityevents65C0C5D5",
  "FreeTierAlarmsDdbReadCapacityproblemendpoints1FD752C5",
  "FreeTierAlarmsDdbReadCapacityteams67FD7A5F",
  "FreeTierAlarmsDdbReadCapacitytenantmapping2E6F59C4",
  "FreeTierAlarmsDdbWriteCapacitycompetitoraccountsEDBEA0EE",
  "FreeTierAlarmsDdbWriteCapacitydeploymentsE5A9B328",
  "FreeTierAlarmsDdbWriteCapacityevents8EF97849",
  "FreeTierAlarmsDdbWriteCapacityproblemendpoints96B85229",
  "FreeTierAlarmsDdbWriteCapacityteams89578035",
  "FreeTierAlarmsDdbWriteCapacitytenantmappingD64BD459",
  "FreeTierAlarmsLambdaErrorsadmininsightE424C69E",
  "FreeTierAlarmsLambdaErrorscompetitoraccounts81B64A98",
  "FreeTierAlarmsLambdaErrorsdeployapi1C2A640F",
  "FreeTierAlarmsLambdaErrorseventapiD4B1CDDB",
  "FreeTierAlarmsLambdaErrorsexternalidaudit49075C19",
  "FreeTierAlarmsLambdaErrorsgenericscoring7B0FDE71",
  "FreeTierAlarmsLambdaInvocationsadmininsightF1E0048A",
  "FreeTierAlarmsLambdaInvocationscompetitoraccounts31E79F92",
  "FreeTierAlarmsLambdaInvocationsdeployapi161409EE",
  "FreeTierAlarmsLambdaInvocationseventapi81FD6473",
  "FreeTierAlarmsLambdaInvocationsexternalidaudit42AC1C62",
  "FreeTierAlarmsLambdaInvocationsgenericscoring7B5F5325",
]
`;

exports[`buildTenkaCloudApp synth regression (issue #2192) > should keep every stack's logical ID set (REPLACE/DELETE guard) > tenkacloud-problem-deploy 1`] = `
[
  "AdminAuditLogTable670D7986",
  "BulkDeployCreateLogGroupBB1B93BC",
  "BulkDeployCreateRule0720ED28",
  "BulkDeployCreateStateMachineA1ABB59E",
  "BulkDeployCreateStateMachineDistributedMapPolicyC163CACB",
  "BulkDeployCreateStateMachineEventsRoleD46C338B",
  "BulkDeployCreateStateMachineEventsRoleDefaultPolicyB327B7B3",
  "BulkDeployCreateStateMachineRoleDefaultPolicy0731AC54",
  "BulkDeployCreateStateMachineRoleE7E70DE8",
  "BulkDeployPayloadBucketA76F3B42",
  "BulkDeployPayloadBucketAutoDeleteObjectsCustomResource9B836DC6",
  "BulkDeployPayloadBucketPolicy3096C1B8",
  "CfnDeployCfnExecRole6C915075",
  "CfnDeployDeploymentLogGroup5007B68B",
  "CfnDeployFunction6B401815",
  "CfnDeployFunctionLogGroup7849EF64",
  "CfnDeployFunctionServiceRoleAD117361",
  "CfnDeployFunctionServiceRoleDefaultPolicy9FE6986D",
  "CompetitorAccountsApiFunction24E5F35B",
  "CompetitorAccountsApiFunctionLogGroup9AD13C85",
  "CompetitorAccountsApiFunctionServiceRole6A14FADB",
  "CompetitorAccountsApiFunctionServiceRoleDefaultPolicyDCD71525",
  "CompetitorAccountsTable2661C473",
  "CompetitorBootstrapHostingBucket9F1B78E9",
  "CompetitorBootstrapHostingBucketAutoDeleteObjectsCustomResourceA31B8351",
  "CompetitorBootstrapHostingBucketPolicyFA5A3F04",
  "CompetitorBootstrapHostingDeploymentAwsCliLayer8D3AB487",
  "CompetitorBootstrapHostingDeploymentCustomResource0FC3A573",
  "CustomCDKBucketDeployment8693BB64968944B69AAFB0CC9EB8756C256MiB5F7BD223",
  "CustomCDKBucketDeployment8693BB64968944B69AAFB0CC9EB8756C256MiBServiceRoleDefaultPolicyE5468F0E",
  "CustomCDKBucketDeployment8693BB64968944B69AAFB0CC9EB8756C256MiBServiceRoleF991ED9F",
  "CustomCDKBucketDeployment8693BB64968944B69AAFB0CC9EB8756C81C01536",
  "CustomCDKBucketDeployment8693BB64968944B69AAFB0CC9EB8756CServiceRole89A01265",
  "CustomCDKBucketDeployment8693BB64968944B69AAFB0CC9EB8756CServiceRoleDefaultPolicy88902FDF",
  "CustomS3AutoDeleteObjectsCustomResourceProviderHandler9D90184F",
  "CustomS3AutoDeleteObjectsCustomResourceProviderRole3B1BD092",
  "DeployApiFunctionC6EAEF11",
  "DeployApiFunctionLogGroupBEBB237B",
  "DeployApiFunctionServiceRole275C0868",
  "DeployApiFunctionServiceRoleDefaultPolicy28D511C1",
  "DeployCreateLogGroup1CA5F824",
  "DeployCreateRule002001FB",
  "DeployCreateStateMachine9B2B6CCA",
  "DeployCreateStateMachineEventsRole7CD8F49F",
  "DeployCreateStateMachineEventsRoleDefaultPolicyF29DDB26",
  "DeployCreateStateMachineRole802ED79D",
  "DeployCreateStateMachineRoleDefaultPolicyF9DDD30F",
  "DeployDeleteLogGroupA6BA6CE5",
  "DeployDeleteRuleB64372A4",
  "DeployDeleteStateMachine1D16E7A9",
  "DeployDeleteStateMachineEventsRole16F8179C",
  "DeployDeleteStateMachineEventsRoleDefaultPolicy2DFA7679",
  "DeployDeleteStateMachineRole7ED0F537",
  "DeployDeleteStateMachineRoleDefaultPolicyA5E563A1",
  "DeploymentsTableDD4203FA",
  "DescribeStackFunction225490F1",
  "DescribeStackFunctionLogGroup4CB25EF8",
  "DescribeStackFunctionServiceRole9F37D044",
  "DescribeStackFunctionServiceRoleDefaultPolicy43E2304D",
  "DisruptionExecutorFiredRuleA8217DE4",
  "DisruptionExecutorFiredRuleAllowEventRuletenkacloudproblemdeployDisruptionExecutorFunctionB7E0A45CCF5283EA",
  "DisruptionExecutorFunctionED3AB9CD",
  "DisruptionExecutorFunctionLogGroup48465B83",
  "DisruptionExecutorFunctionServiceRole5E44EAC2",
  "DisruptionExecutorFunctionServiceRoleDefaultPolicy07858B70",
  "DisruptionExecutorRevertSchedulerRole32A9A1B0",
  "DisruptionsTable17A39504",
  "EventApiFunction801117B3",
  "EventApiFunctionLogGroup410F0107",
  "EventApiFunctionServiceRole7EA6BDCB",
  "EventApiFunctionServiceRoleDefaultPolicyB049BD9B",
  "EventCapacityRunbookAutomationRoleA7A0BC69",
  "EventCapacityRunbookDocument9260BA28",
  "EventsTable4B7491D3",
  "ExternalIdAuditFunction32BBC33C",
  "ExternalIdAuditFunctionLogGroup4DFC50D4",
  "ExternalIdAuditFunctionServiceRole21F1442C",
  "ExternalIdAuditFunctionServiceRoleDefaultPolicyD7B67596",
  "ExternalIdAuditSchedule17BFF9DC",
  "ExternalIdAuditScheduleAllowEventRuletenkacloudproblemdeployExternalIdAuditFunctionF66AC43F89B2A5BC",
  "GenericScoringFunction75FE2425",
  "GenericScoringFunctionLogGroupB75DBA0E",
  "GenericScoringFunctionServiceRole741B30B8",
  "GenericScoringFunctionServiceRoleDefaultPolicyAA6988D2",
  "GenericScoringSchedule202A28E5",
  "GenericScoringScheduleAllowEventRuletenkacloudproblemdeployGenericScoringFunctionF179B3866F4E3204",
  "ProblemArtifactsAwsCliLayerB6913F4C",
  "ProblemArtifactsCustomResource256MiB0BA85DBF",
  "ProblemEndpointsTableEB12A2E1",
  "SystemAuditWriterCodeBuildFailureRule0847123D",
  "SystemAuditWriterCodeBuildFailureRuleAllowEventRuletenkacloudproblemdeploySystemAuditWriterFunctionBF75E2BBAAFB7DB1",
  "SystemAuditWriterDeployFailureRule787AE7D8",
  "SystemAuditWriterDeployFailureRuleAllowEventRuletenkacloudproblemdeploySystemAuditWriterFunctionBF75E2BB2BBB9675",
  "SystemAuditWriterFunction3220F0FE",
  "SystemAuditWriterFunctionLogGroupBA2CF810",
  "SystemAuditWriterFunctionServiceRoleDefaultPolicy1325AFB0",
  "SystemAuditWriterFunctionServiceRoleF0B15AD1",
  "SystemAuditWriterRuleAllowEventRuletenkacloudproblemdeploySystemAuditWriterFunctionBF75E2BBA40E600D",
  "SystemAuditWriterRuleB3E5B6DA",
  "TeamsTable29FBC014",
]
`;

exports[`buildTenkaCloudApp synth regression (issue #2192) > should keep every stack's logical ID set (REPLACE/DELETE guard) > tenkacloud-saas-pipeline 1`] = `
[
  "ApprovalQueueF7A98584",
  "ApprovalQueuePolicyB77CB106",
  "ArtifactsBucket2AAC5544",
  "ArtifactsBucketAutoDeleteObjectsCustomResource0E3B4320",
  "ArtifactsBucketPolicy852CB646",
  "CdkCodeBuildProject98C8CAB8",
  "CdkCodeBuildProjectRole6830A58A",
  "CdkCodeBuildProjectRoleDefaultPolicyA531D3BE",
  "CustomS3AutoDeleteObjectsCustomResourceProviderHandler9D90184F",
  "CustomS3AutoDeleteObjectsCustomResourceProviderRole3B1BD092",
  "DeploymentCfnStateMachine",
  "PipelineC660917D",
  "PipelineInvokeStepFunctionsInvokeStepFuncCodePipelineActionRoleC889B35F",
  "PipelineInvokeStepFunctionsInvokeStepFuncCodePipelineActionRoleDefaultPolicy3396F503",
  "PipelinePrepDeployPrepareDeploymentCodePipelineActionRoleB148BBC5",
  "PipelinePrepDeployPrepareDeploymentCodePipelineActionRoleDefaultPolicy5714F0EF",
  "PipelineRoleD68726F7",
  "PipelineRoleDefaultPolicyC7A05455",
  "PipelineSourceS3SourceCodePipelineActionRole6F7C1D7F",
  "PipelineSourceS3SourceCodePipelineActionRoleDefaultPolicy6329730D",
  "PrepDeployLogGroup037461DE",
  "StepFunctionRoleC4BAB6F8",
  "WaveIterator17E1CBF6",
  "WaveIteratorLogGroupE3169392",
  "WaveIteratorServiceRole7F9364F9",
  "prepdeploy39F96034",
  "prepdeployServiceRole73C43223",
  "prepdeployServiceRoleDefaultPolicy5BCC7851",
  "stepFunctionLGEF019F54",
]
`;

exports[`buildTenkaCloudApp synth regression (issue #2192) > should keep every stack's logical ID set (REPLACE/DELETE guard) > tenkacloud-tenant-template-pooled 1`] = `
[
  "AWS679f53fac002430cb0da5b7982bd22872D164C4C",
  "AWS679f53fac002430cb0da5b7982bd2287ServiceRoleC1EA0FF2",
  "ApiGatewayApiGatewayInvokeCompetitorAccountsRoutes272570AA",
  "ApiGatewayApiGatewayInvokeDeployRoutes5E2FBE9F",
  "ApiGatewayApiGatewayInvokeEventRoutes43ECAFAC",
  "ApiGatewayTenantAPIpooled3D3C8919",
  "ApiGatewayTenantAPIpooledAccountC7ABD865",
  "ApiGatewayTenantAPIpooledCloudWatchRoleFADBCE59",
  "ApiGatewayTenantAPIpooledDeployment3E797296fa5155bcf075fa16bab45384b6dd358e",
  "ApiGatewayTenantAPIpooledDeploymentStageprod4943F7EF",
  "ApiGatewayTenantAPIpooledOPTIONSA3218B8F",
  "ApiGatewayTenantAPIpooledadmin52D92FA8",
  "ApiGatewayTenantAPIpooledadminOPTIONS96E5201C",
  "ApiGatewayTenantAPIpooledadminauditlog3490435A",
  "ApiGatewayTenantAPIpooledadminauditlogGET121652C6",
  "ApiGatewayTenantAPIpooledadminauditlogOPTIONS2009D307",
  "ApiGatewayTenantAPIpooledadminauditlogexport66501D6D",
  "ApiGatewayTenantAPIpooledadminauditlogexportGET28EEB72C",
  "ApiGatewayTenantAPIpooledadminauditlogexportOPTIONSC174F8F7",
  "ApiGatewayTenantAPIpooledadmincapacity0B5CBE53",
  "ApiGatewayTenantAPIpooledadmincapacityGET39224328",
  "ApiGatewayTenantAPIpooledadmincapacityOPTIONS1DA91EF0",
  "ApiGatewayTenantAPIpooledadmincapacityPOST5A314349",
  "ApiGatewayTenantAPIpooledadmincompetitoraccounts0B387FDA",
  "ApiGatewayTenantAPIpooledadmincompetitoraccountsGETF2740B3B",
  "ApiGatewayTenantAPIpooledadmincompetitoraccountsOPTIONSBDF06452",
  "ApiGatewayTenantAPIpooledadmincompetitoraccountsPOSTB7396492",
  "ApiGatewayTenantAPIpooledadmincompetitoraccountsawsAccountIdDE9B11B2",
  "ApiGatewayTenantAPIpooledadmincompetitoraccountsawsAccountIdDELETEF6F960BB",
  "ApiGatewayTenantAPIpooledadmincompetitoraccountsawsAccountIdOPTIONS58FEB554",
  "ApiGatewayTenantAPIpooledadmincompetitoraccountsawsAccountIdrotateexternalidB2B5478A",
  "ApiGatewayTenantAPIpooledadmincompetitoraccountsawsAccountIdrotateexternalidOPTIONS10BC8FEE",
  "ApiGatewayTenantAPIpooledadmincompetitoraccountsawsAccountIdrotateexternalidPOSTB823D5DE",
  "ApiGatewayTenantAPIpooledadmincompetitoraccountsawsAccountIdverify8FE7D7A4",
  "ApiGatewayTenantAPIpooledadmincompetitoraccountsawsAccountIdverifyOPTIONS64430CDF",
  "ApiGatewayTenantAPIpooledadmincompetitoraccountsawsAccountIdverifyPOST61FD5413",
  "ApiGatewayTenantAPIpooledadminfeatureflags5B920D24",
  "ApiGatewayTenantAPIpooledadminfeatureflagsOPTIONS1C84A848",
  "ApiGatewayTenantAPIpooledadminfeatureflagsPUTE0196E99",
  "ApiGatewayTenantAPIpooledadmintenantsamlconfig370BBF37",
  "ApiGatewayTenantAPIpooledadmintenantsamlconfigDELETEA14956ED",
  "ApiGatewayTenantAPIpooledadmintenantsamlconfigGET7EF40F98",
  "ApiGatewayTenantAPIpooledadmintenantsamlconfigOPTIONS699D159E",
  "ApiGatewayTenantAPIpooledadmintenantsamlconfigPATCHC5885F38",
  "ApiGatewayTenantAPIpooledadmintenantsamlconfigPUT1A80A27B",
  "ApiGatewayTenantAPIpooledadminusersA7B487A8",
  "ApiGatewayTenantAPIpooledadminusersGET28F5A474",
  "ApiGatewayTenantAPIpooledadminusersOPTIONSED31BADF",
  "ApiGatewayTenantAPIpooledadminusersPOSTEFB6811F",
  "ApiGatewayTenantAPIpooledadminusersusername30239516",
  "ApiGatewayTenantAPIpooledadminusersusernameDELETEA09FDEDC",
  "ApiGatewayTenantAPIpooledadminusersusernameOPTIONS8F38CA4D",
  "ApiGatewayTenantAPIpooledadminusersusernamePATCH1E7D6396",
  "ApiGatewayTenantAPIpooleddeployments215BC75C",
  "ApiGatewayTenantAPIpooleddeploymentsGETA86D0CF5",
  "ApiGatewayTenantAPIpooleddeploymentsOPTIONS4C9FC016",
  "ApiGatewayTenantAPIpooleddeploymentsjobIdA8B29B72",
  "ApiGatewayTenantAPIpooleddeploymentsjobIdDELETE27B877FB",
  "ApiGatewayTenantAPIpooleddeploymentsjobIdGETA79F4839",
  "ApiGatewayTenantAPIpooleddeploymentsjobIdOPTIONS2881E56A",
  "ApiGatewayTenantAPIpooleddeploymentsjobIdstackprogressA62D514A",
  "ApiGatewayTenantAPIpooleddeploymentsjobIdstackprogressGET897825EA",
  "ApiGatewayTenantAPIpooleddeploymentsjobIdstackprogressOPTIONSEC2CFE25",
  "ApiGatewayTenantAPIpooledevents85B96CCE",
  "ApiGatewayTenantAPIpooledeventsGET06D96831",
  "ApiGatewayTenantAPIpooledeventsOPTIONSAE164DF3",
  "ApiGatewayTenantAPIpooledeventsPOSTE5422BC0",
  "ApiGatewayTenantAPIpooledeventseventId25CA754F",
  "ApiGatewayTenantAPIpooledeventseventIdDELETE827CB6A0",
  "ApiGatewayTenantAPIpooledeventseventIdGET5BADCC45",
  "ApiGatewayTenantAPIpooledeventseventIdOPTIONS3B277841",
  "ApiGatewayTenantAPIpooledeventseventIdarchive4318529D",
  "ApiGatewayTenantAPIpooledeventseventIdarchiveOPTIONS9F1F79D4",
  "ApiGatewayTenantAPIpooledeventseventIdarchivePOST6C75EEF5",
  "ApiGatewayTenantAPIpooledeventseventIddeploy9C2F1079",
  "ApiGatewayTenantAPIpooledeventseventIddeployOPTIONS033D4A4C",
  "ApiGatewayTenantAPIpooledeventseventIddeployPOST3BA43194",
  "ApiGatewayTenantAPIpooledeventseventIddisruptions84429F43",
  "ApiGatewayTenantAPIpooledeventseventIddisruptionsGETEB1B059A",
  "ApiGatewayTenantAPIpooledeventseventIddisruptionsOPTIONS208B935E",
  "ApiGatewayTenantAPIpooledeventseventIddisruptionsauditF4360173",
  "ApiGatewayTenantAPIpooledeventseventIddisruptionsauditGETDC88ADCE",
  "ApiGatewayTenantAPIpooledeventseventIddisruptionsauditOPTIONS63335F9F",
  "ApiGatewayTenantAPIpooledeventseventIddisruptionsfire0AB2613B",
  "ApiGatewayTenantAPIpooledeventseventIddisruptionsfireOPTIONS7DC2380C",
  "ApiGatewayTenantAPIpooledeventseventIddisruptionsfirePOST89621889",
  "ApiGatewayTenantAPIpooledeventseventIddisruptionsrecurring6CC4D5CD",
  "ApiGatewayTenantAPIpooledeventseventIddisruptionsrecurringGETE47404BA",
  "ApiGatewayTenantAPIpooledeventseventIddisruptionsrecurringOPTIONS6FE89701",
  "ApiGatewayTenantAPIpooledeventseventIddisruptionsrecurringrequestIdEAFFA874",
  "ApiGatewayTenantAPIpooledeventseventIddisruptionsrecurringrequestIdOPTIONS55EA428E",
  "ApiGatewayTenantAPIpooledeventseventIddisruptionsrecurringrequestIdcancel2CB112A3",
  "ApiGatewayTenantAPIpooledeventseventIddisruptionsrecurringrequestIdcancelOPTIONSB871BB26",
  "ApiGatewayTenantAPIpooledeventseventIddisruptionsrecurringrequestIdcancelPOST1A3BEB77",
  "ApiGatewayTenantAPIpooledeventseventIdendFB40F4EC",
  "ApiGatewayTenantAPIpooledeventseventIdendOPTIONS0E829574",
  "ApiGatewayTenantAPIpooledeventseventIdendPOST22202BD5",
  "ApiGatewayTenantAPIpooledeventseventIdlockscoringBF1A7F51",
  "ApiGatewayTenantAPIpooledeventseventIdlockscoringDELETE4968800D",
  "ApiGatewayTenantAPIpooledeventseventIdlockscoringOPTIONSEF6D63AC",
  "ApiGatewayTenantAPIpooledeventseventIdlockscoringPOST5312EFDA",
  "ApiGatewayTenantAPIpooledeventseventIdnotifications88699F69",
  "ApiGatewayTenantAPIpooledeventseventIdnotificationsOPTIONS4EDB84AC",
  "ApiGatewayTenantAPIpooledeventseventIdnotificationsPOSTAB038FD0",
  "ApiGatewayTenantAPIpooledeventseventIdscheduleD6EBB067",
  "ApiGatewayTenantAPIpooledeventseventIdscheduleOPTIONS147F3CDC",
  "ApiGatewayTenantAPIpooledeventseventIdschedulePATCH18385A3D",
  "ApiGatewayTenantAPIpooledfeatureflags791B38E2",
  "ApiGatewayTenantAPIpooledfeatureflagsGETDD2C95F7",
  "ApiGatewayTenantAPIpooledfeatureflagsOPTIONS8934F4AC",
  "ApiGatewayTenantAPIpooledproblemsF72B7BD5",
  "ApiGatewayTenantAPIpooledproblemsOPTIONSCA4DC991",
  "ApiGatewayTenantAPIpooledproblemsproblemIdBAA94A97",
  "ApiGatewayTenantAPIpooledproblemsproblemIdOPTIONSD9B0E49D",
  "ApiGatewayTenantAPIpooledproblemsproblemIddeploy6E7F730E",
  "ApiGatewayTenantAPIpooledproblemsproblemIddeployOPTIONS9283E5CC",
  "ApiGatewayTenantAPIpooledproblemsproblemIddeployPOSTF503E9F5",
  "ApiGatewayTenantAPIpooledproblemsproblemIddeployments6184F8CF",
  "ApiGatewayTenantAPIpooledproblemsproblemIddeploymentsGET5A28B382",
  "ApiGatewayTenantAPIpooledproblemsproblemIddeploymentsOPTIONSFE2BA7B1",
  "ApiGatewayTenantCognitoAuthorizer8FA8379A",
  "ApplicationAdminConsoleHostingDistribution6FB216F4",
  "ApplicationAdminConsoleHostingOAI496A55AE",
  "ApplicationAdminConsoleHostingRuntimeConfigDeploymentAwsCliLayer2DBF31A5",
  "ApplicationAdminConsoleHostingRuntimeConfigDeploymentCustomResource177335E6",
  "ApplicationAdminConsoleHostingSecurityHeadersC0EAF023",
  "ApplicationAdminConsoleHostingSiteBucketAutoDeleteObjectsCustomResourceC9F0F9C6",
  "ApplicationAdminConsoleHostingSiteBucketB91BAC99",
  "ApplicationAdminConsoleHostingSiteBucketPolicy3100E6D4",
  "ApplicationAdminConsoleHostingSiteDeploymentAwsCliLayer1FF7E0F0",
  "ApplicationAdminConsoleHostingSiteDeploymentCustomResource9B3CE067",
  "CreateTenantMappingA61F466B",
  "CreateTenantMappingCustomResourcePolicy8D1C8E08",
  "CustomCDKBucketDeployment8693BB64968944B69AAFB0CC9EB8756C81C01536",
  "CustomCDKBucketDeployment8693BB64968944B69AAFB0CC9EB8756CServiceRole89A01265",
  "CustomCDKBucketDeployment8693BB64968944B69AAFB0CC9EB8756CServiceRoleDefaultPolicy88902FDF",
  "CustomS3AutoDeleteObjectsCustomResourceProviderHandler9D90184F",
  "CustomS3AutoDeleteObjectsCustomResourceProviderRole3B1BD092",
  "IdentityProvidertenantManagedLoginBranding5B4152DB",
  "IdentityProvidertenantUserPoolC77ED8F6",
  "IdentityProvidertenantUserPoolClient01DA8A68",
  "IdentityProvidertenantUserPooltenantUserPoolDomainCDB109D1",
]
`;

exports[`buildTenkaCloudApp synth regression (issue #2192) > should keep the deploy-order dependency edges between stacks 1`] = `
{
  "tenkacloud-admin-console-hosting": [
    "tenkacloud-admin-console-hosting.assets",
  ],
  "tenkacloud-admin-console-insight": [
    "tenkacloud-admin-console-hosting",
    "tenkacloud-admin-console-insight.assets",
    "tenkacloud-bootstrap",
    "tenkacloud-control-plane",
    "tenkacloud-problem-deploy",
    "tenkacloud-tenant-template-pooled",
  ],
  "tenkacloud-admin-console-runtime-config": [
    "tenkacloud-admin-console-hosting",
    "tenkacloud-admin-console-insight",
    "tenkacloud-admin-console-runtime-config.assets",
    "tenkacloud-control-plane",
    "tenkacloud-observability",
    "tenkacloud-problem-deploy",
    "tenkacloud-saas-pipeline",
    "tenkacloud-tenant-template-pooled",
  ],
  "tenkacloud-bootstrap": [
    "tenkacloud-bootstrap.assets",
    "tenkacloud-control-plane",
  ],
  "tenkacloud-challenge-payload": [
    "tenkacloud-challenge-payload.assets",
  ],
  "tenkacloud-control-plane": [
    "tenkacloud-admin-console-hosting",
    "tenkacloud-control-plane.assets",
  ],
  "tenkacloud-observability": [
    "tenkacloud-admin-console-insight",
    "tenkacloud-bootstrap",
    "tenkacloud-control-plane",
    "tenkacloud-observability.assets",
    "tenkacloud-problem-deploy",
    "tenkacloud-saas-pipeline",
    "tenkacloud-tenant-template-pooled",
  ],
  "tenkacloud-problem-deploy": [
    "tenkacloud-challenge-payload",
    "tenkacloud-control-plane",
    "tenkacloud-problem-deploy.assets",
  ],
  "tenkacloud-saas-pipeline": [
    "tenkacloud-bootstrap",
    "tenkacloud-saas-pipeline.assets",
  ],
  "tenkacloud-tenant-template-pooled": [
    "tenkacloud-bootstrap",
    "tenkacloud-problem-deploy",
    "tenkacloud-tenant-template-pooled.assets",
  ],
}
`;
